AR register_file behavioral K:/Comp3211/Project/project1/register_file.vhd sub00/vhpl15 1523616432
EN data_memory NULL K:/Comp3211/Project/project1/data_memory.vhd sub00/vhpl20 1523616437
AR adder_12b behavioural K:/Comp3211/Project/project1/adder_12b.vhdl sub00/vhpl25 1523616422
EN mux_2to1_16b NULL K:/Comp3211/Project/project1/mux_2to1_16b.vhd sub00/vhpl16 1523616433
AR mux_2to1_4b structural K:/Comp3211/Project/project1/mux_2to1_4b.vhd sub00/vhpl13 1523616430
EN instruction_memory NULL K:/Comp3211/Project/project1/instruction_memory.vhd sub00/vhpl06 1523616423
AR mux_2to1_16b structural K:/Comp3211/Project/project1/mux_2to1_16b.vhd sub00/vhpl17 1523616434
EN program_counter NULL K:/Comp3211/Project/project1/program_counter.vhd sub00/vhpl02 1523616419
EN mux_2to1_1b NULL K:/Comp3211/Project/project1/mux_2to1_1b.vhd sub00/vhpl00 1523616417
AR control_unit behavioural K:/Comp3211/Project/project1/control_unit.vhd sub00/vhpl11 1523616428
EN alu_16b NULL K:/Comp3211/Project/project1/alu_16b.vhdl sub00/vhpl26 1523616435
EN mux_2to1_4b NULL K:/Comp3211/Project/project1/mux_2to1_4b.vhd sub00/vhpl12 1523616429
AR single_cycle_core structural K:/Comp3211/Project/project1/single_cycle_core.vhd sub00/vhpl23 1523616440
AR data_memory behavioral K:/Comp3211/Project/project1/data_memory.vhd sub00/vhpl21 1523616438
AR mux_2to1_1b behavioural K:/Comp3211/Project/project1/mux_2to1_1b.vhd sub00/vhpl01 1523616418
EN register_file NULL K:/Comp3211/Project/project1/register_file.vhd sub00/vhpl14 1523616431
EN sign_extend_4to16 NULL K:/Comp3211/Project/project1/sign_extend_4to16.vhd sub00/vhpl08 1523616425
AR adder_4b behavioural J:/Comp3211/originals/adder_4b.vhd sub00/vhpl05 1521507050
EN single_cycle_core NULL K:/Comp3211/Project/project1/single_cycle_core.vhd sub00/vhpl22 1523616439
AR adder_16b behavioural E:/Comp3211/Project/project1/adder_16b.vhd sub00/vhpl19 1523526401
AR sign_extend_4to16 behavioral K:/Comp3211/Project/project1/sign_extend_4to16.vhd sub00/vhpl09 1523616426
AR program_counter behavioral K:/Comp3211/Project/project1/program_counter.vhd sub00/vhpl03 1523616420
EN adder_12b NULL K:/Comp3211/Project/project1/adder_12b.vhdl sub00/vhpl24 1523616421
EN control_unit NULL K:/Comp3211/Project/project1/control_unit.vhd sub00/vhpl10 1523616427
AR alu_16b behavioural K:/Comp3211/Project/project1/alu_16b.vhdl sub00/vhpl27 1523616436
AR instruction_memory behavioral K:/Comp3211/Project/project1/instruction_memory.vhd sub00/vhpl07 1523616424
EN adder_16b NULL E:/Comp3211/Project/project1/adder_16b.vhd sub00/vhpl18 1523526400
EN adder_4b NULL J:/Comp3211/originals/adder_4b.vhd sub00/vhpl04 1521507049
